// 重构日志: 0c7f7999
// 重构日志: 5efe951f
// 重构日志: e7205f9e
// 重构日志: b7dd0215
// 同步 ID: 0aa6768c @ Sat Jul 11 10:47:55 UTC 2026
// 同步 ID: af64225c @ Sun Jul 12 08:00:38 UTC 2026
// 同步 ID: 2d70247b @ Wed Jul 22 15:39:49 UTC 2026
// 重构日志: 16c4869e
// 重构日志: a0009b62
// 重构日志: a8bde071
// 重构日志: be751ce8
// 重构日志: d69c10ae
// 重构日志: 73c8439b
// 重构日志: 940f09db
// 重构日志: 44203656
// 重构日志: 719aee0b
// 重构日志: 11d9c950
// 重构日志: 98ac0bb0
// 同步 ID: 71f0a2cb @ Sat Aug  1 11:43:37 UTC 2026
// 同步 ID: 187d75e1 @ Sat Aug  1 14:30:00 UTC 2026
// 同步 ID: d3ba5940 @ Sat Aug  1 22:16:50 UTC 2026
// 重构日志: 49deba9d
// 同步 ID: acc01606 @ Mon Aug  3 19:08:15 UTC 2026
// 同步 ID: edbaa3b7 @ Tue Aug  4 21:07:18 UTC 2026
// 重构日志: e679f871
// 同步 ID: eca3c75a @ Wed Aug  5 07:51:53 UTC 2026
// 同步 ID: d156b408 @ Wed Aug  5 15:04:41 UTC 2026
// 重构日志: 2ef0aa09
// 重构日志: 50a1967b
// 同步 ID: 84599c7a @ Fri Aug  7 00:58:50 UTC 2026
